******************************************************************************
            TI ARM Clang Linker PC v5.1.1                      
******************************************************************************
>> Linked Fri Jun 26 17:32:17 2026

OUTPUT FILE NAME:   <ECE319K_Lab4.out>
ENTRY POINT SYMBOL: "_c_int00_noargs"  address: 00000f15


MEMORY CONFIGURATION

         name            origin    length      used     unused   attr    fill
----------------------  --------  ---------  --------  --------  ----  --------
  FLASH                 00000000   00020000  00001528  0001ead8  R  X
  SRAM                  20200000   00008000  00000640  000079c0  RW X
  BCR_CONFIG            41c00000   00000080  00000000  00000080  R   
  BSL_CONFIG            41c00100   00000080  00000000  00000080  R   


SEGMENT ALLOCATION MAP

run origin  load origin   length   init length attrs members
----------  ----------- ---------- ----------- ----- -------
00000000    00000000    00001528   00001528    r-x
  00000000    00000000    000000c0   000000c0    r-- .intvecs
  000000c0    000000c0    00001008   00001008    r-x .text
  000010c8    000010c8    00000430   00000430    r-- .rodata
  000014f8    000014f8    00000030   00000030    r-- .cinit
20200000    20200000    00000440   00000000    rw-
  20200000    20200000    00000220   00000000    rw- .bss
  20200220    20200220    00000200   00000000    rw- .sysmem
  20200420    20200420    00000020   00000000    rw- .data
20207e00    20207e00    00000200   00000000    rw-
  20207e00    20207e00    00000200   00000000    rw- .stack


SECTION ALLOCATION MAP

 output                                  attributes/
section   page    origin      length       input sections
--------  ----  ----------  ----------   ----------------
.intvecs   0    00000000    000000c0     
                  00000000    000000c0     startup_mspm0g3507_ticlang.o (.intvecs)

.text      0    000000c0    00001008     
                  000000c0    0000031c     ECE319K_Lab4Grader.o (.text.TIMG7_IRQHandler)
                  000003dc    000001b4     Clock.o (.text.Clock_Init80MHz)
                  00000590    00000130     UARTints.o (.text.UART_Init)
                  000006c0    000000ec     ECE319K_Lab4main.o (.text.main)
                  000007ac    0000007c     LaunchPad.o (.text.LaunchPad_Init)
                  00000828    0000007c     ECE319K_Lab4Grader.o (.text.ReadSensor)
                  000008a4    0000007c     libc.a : copy_decompress_lzss.c.obj (.text:decompress:lzss)
                  00000920    00000064     ECE319K_Lab4Grader.o (.text.GetState)
                  00000984    00000064     ECE319K_Lab4main.o (.text.Traffic_Init)
                  000009e8    00000060     Timer.o (.text.TimerG12_Init)
                  00000a48    0000005c     ECE319K_Lab4Grader.o (.text.ReadSouth)
                  00000aa4    0000005c     UARTints.o (.text.UART0_IRQHandler)
                  00000b00    00000058     UARTints.o (.text.copyHardwareToSoftware)
                  00000b58    00000050     Dump.o (.text.Debug_Dump)
                  00000ba8    0000004c     ECE319K_Lab4Grader.o (.text.ReadWest)
                  00000bf4    0000004c     FIFO.o (.text.RxFifo_Put)
                  00000c40    0000004c     FIFO.o (.text.TxFifo_Get)
                  00000c8c    0000004c     FIFO.o (.text.TxFifo_Put)
                  00000cd8    0000004c     UARTints.o (.text.copySoftwareToHardware)
                  00000d24    00000040     ECE319K_Lab4main.o (.text.Traffic_Out)
                  00000d64    00000040     UARTints.o (.text.UART_OutChar)
                  00000da4    00000040     libclang_rt.builtins.a : aeabi_uidivmod.S.obj (.text)
                  00000de4    0000003c     libc.a : autoinit.c.obj (.text:__TI_auto_init_nobinit_nopinit)
                  00000e20    00000038     LaunchPad.o (.text.ActivatePortA_B)
                  00000e58    00000036     UART.o (.text.UART_OutUDec)
                  00000e8e    00000002     libclang_rt.builtins.a : aeabi_div0.c.obj (.text.__aeabi_idiv0)
                  00000e90    00000034     Clock.o (.text.SysTick_Wait)
                  00000ec4    00000028     ECE319K_Lab4Grader.o (.text.ReadWalk)
                  00000eec    00000028     Clock.o (.text.SysTick_Wait10ms)
                  00000f14    00000028     libc.a : boot_cortex_m.c.obj (.text:_c_int00_noargs)
                  00000f3c    00000026     UART.o (.text.UART_OutString)
                  00000f62    00000002     --HOLE-- [fill = 0]
                  00000f64    00000020     Clock.o (.text.SysTick_Init)
                  00000f84    0000001c     startup_mspm0g3507_ticlang.o (.text.Default_Handler)
                  00000fa0    0000001c     startup_mspm0g3507_ticlang.o (.text.HardFault_Handler)
                  00000fbc    00000018     FIFO.o (.text.RxFifo_Size)
                  00000fd4    00000018     FIFO.o (.text.TxFifo_Size)
                  00000fec    00000016     libc.a : copy_zero_init.c.obj (.text:decompress:ZI:__TI_zero_init_nomemset)
                  00001002    00000002     --HOLE-- [fill = 0]
                  00001004    00000014     Dump.o (.text.Debug_Init)
                  00001018    00000014     FIFO.o (.text.RxFifo_Init)
                  0000102c    00000014     FIFO.o (.text.TxFifo_Init)
                  00001040    00000012     libc.a : memcpy16.S.obj (.text:TI_memcpy_small)
                  00001052    00000012            : copy_decompress_none.c.obj (.text:decompress:none)
                  00001064    00000010     Clock.o (.text.Clock_Delay)
                  00001074    00000010     LaunchPad.o (.text.Delay)
                  00001084    00000010     ECE319K_Lab4Grader.o (.text.OutCRLF)
                  00001094    0000000c     Clock.o (.text.Clock_Freq)
                  000010a0    0000000c     LaunchPad.o (.text.LaunchPad_LED1off)
                  000010ac    00000008     libclang_rt.builtins.a : aeabi_memcpy.S.obj (.text)
                  000010b4    00000006     libc.a : exit.c.obj (.text:abort)
                  000010ba    00000004     libsysbm.a : hostexit.c.obj (.text.HOSTexit)
                  000010be    00000004     startup_mspm0g3507_ticlang.o (.text.Reset_Handler)
                  000010c2    00000004     libc.a : pre_init.c.obj (.text._system_pre_init)
                  000010c6    00000002     --HOLE-- [fill = 0]

.cinit     0    000014f8    00000030     
                  000014f8    0000000c     (.cinit..data.load) [load image, compression = lzss]
                  00001504    0000000c     (__TI_handler_table)
                  00001510    00000008     (.cinit..bss.load) [load image, compression = zero_init]
                  00001518    00000010     (__TI_cinit_table)

.rodata    0    000010c8    00000430     
                  000010c8    00000270     ECE319K_Lab4main.o (.rodata.fsm)
                  00001338    000000c4     ECE319K_Lab4Grader.o (.rodata.pat)
                  000013fc    0000002e     ECE319K_Lab4main.o (.rodata.str1.3611087682426756716.1)
                  0000142a    00000002     --HOLE-- [fill = 0]
                  0000142c    0000001c     ECE319K_Lab4Grader.o (.rodata.validPatterns)
                  00001448    00000018     ECE319K_Lab4Grader.o (.rodata.Patterns)
                  00001460    00000014     ECE319K_Lab4Grader.o (.rodata.str1.15234707301245262108.1)
                  00001474    00000014     ECE319K_Lab4Grader.o (.rodata.str1.4246148022987157469.1)
                  00001488    00000011     ECE319K_Lab4Grader.o (.rodata.str1.5588775933247468439.1)
                  00001499    00000010     ECE319K_Lab4Grader.o (.rodata.str1.13656068226097152554.1)
                  000014a9    00000010     ECE319K_Lab4Grader.o (.rodata.str1.1892906268486917520.1)
                  000014b9    0000000d     ECE319K_Lab4Grader.o (.rodata.str1.13250458590540267396.1)
                  000014c6    0000000a     ECE319K_Lab4Grader.o (.rodata.str1.17435735570853986759.1)
                  000014d0    0000000a     ECE319K_Lab4Grader.o (.rodata.str1.2378633843444072158.1)
                  000014da    00000008     ECE319K_Lab4main.o (.rodata.EID1)
                  000014e2    00000007     ECE319K_Lab4Grader.o (.rodata.str1.16432026393149098184.1)
                  000014e9    00000007     ECE319K_Lab4main.o (.rodata.str1.59644789681810891.1)
                  000014f0    00000005     ECE319K_Lab4Grader.o (.rodata.str1.9434006009711075035.1)
                  000014f5    00000003     ECE319K_Lab4main.o (.rodata.str1.14812695107321551511.1)

.init_array 
*          0    00000000    00000000     UNINITIALIZED

.binit     0    00000000    00000000     

.bss       0    20200000    00000220     UNINITIALIZED
                  20200000    000000c8     (.common:DataBuffer)
                  202000c8    000000c8     (.common:TimeBuffer)
                  20200190    00000040     FIFO.o (.bss.TxFifo)
                  202001d0    00000010     FIFO.o (.bss.RxFifo)
                  202001e0    00000004     (.common:DebugCnt)
                  202001e4    00000004     (.common:LastIn)
                  202001e8    00000004     (.common:LastOut)
                  202001ec    00000004     (.common:LastState)
                  202001f0    00000004     (.common:LookingFlag)
                  202001f4    00000004     (.common:LookingFor)
                  202001f8    00000004     (.common:NeedState)
                  202001fc    00000004     (.common:RxGetI)
                  20200200    00000004     (.common:RxPutI)
                  20200204    00000004     (.common:S)
                  20200208    00000004     (.common:TxGetI)
                  2020020c    00000004     (.common:TxPutI)
                  20200210    00000004     (.common:WrongState)
                  20200214    00000004     (.common:in)
                  20200218    00000004     (.common:out)
                  2020021c    00000004     (.common:state)

.sysmem    0    20200220    00000200     UNINITIALIZED
                  20200220    00000010     libc.a : memory.c.obj (.sysmem)
                  20200230    000001f0     --HOLE--

.data      0    20200420    00000020     UNINITIALIZED
                  20200420    00000004     Clock.o (.data.BusFreq)
                  20200424    00000004     ECE319K_Lab4Grader.o (.data.Fail)
                  20200428    00000004     ECE319K_Lab4Grader.o (.data.PatternMode)
                  2020042c    00000004     ECE319K_Lab4Grader.o (.data.Score)
                  20200430    00000004     ECE319K_Lab4Grader.o (.data.SensorMode)
                  20200434    00000004     ECE319K_Lab4Grader.o (.data.SouthMode)
                  20200438    00000004     ECE319K_Lab4Grader.o (.data.Time)
                  2020043c    00000004     ECE319K_Lab4Grader.o (.data.WestMode)

.stack     0    20207e00    00000200     UNINITIALIZED
                  20207e00    00000004     libc.a : boot_cortex_m.c.obj (.stack)
                  20207e04    000001fc     --HOLE--

__llvm_prf_cnts 
*          0    20200000    00000000     UNINITIALIZED

__llvm_prf_bits 
*          0    20200000    00000000     UNINITIALIZED

MODULE SUMMARY

       Module                         code   ro data   rw data
       ------                         ----   -------   -------
    .\
       ECE319K_Lab4Grader.o           1244   382       68     
       ECE319K_Lab4main.o             400    688       4      
       UARTints.o                     624    0         0      
       Clock.o                        588    0         4      
       Dump.o                         100    0         404    
       FIFO.o                         316    0         96     
       LaunchPad.o                    208    0         0      
       Timer.o                        96     0         0      
       UART.o                         92     0         0      
    +--+------------------------------+------+---------+---------+
       Total:                         3668   1070      576    
                                                              
    .\ticlang\
       startup_mspm0g3507_ticlang.o   60     192       0      
    +--+------------------------------+------+---------+---------+
       Total:                         60     192       0      
                                                              
    C:\ti\ccs2100\ccs\tools\compiler\ti-cgt-armllvm_5.1.1.LTS\lib\armv6m-ti-none-eabi/c/libc.a
       copy_decompress_lzss.c.obj     124    0         0      
       autoinit.c.obj                 60     0         0      
       boot_cortex_m.c.obj            40     0         0      
       copy_zero_init.c.obj           22     0         0      
       copy_decompress_none.c.obj     18     0         0      
       memcpy16.S.obj                 18     0         0      
       exit.c.obj                     6      0         0      
       pre_init.c.obj                 4      0         0      
    +--+------------------------------+------+---------+---------+
       Total:                         292    0         0      
                                                              
    C:\ti\ccs2100\ccs\tools\compiler\ti-cgt-armllvm_5.1.1.LTS\lib\armv6m-ti-none-eabi/c/libsysbm.a
       hostexit.c.obj                 4      0         0      
    +--+------------------------------+------+---------+---------+
       Total:                         4      0         0      
                                                              
    C:\ti\ccs2100\ccs\tools\compiler\ti-cgt-armllvm_5.1.1.LTS\lib\armv6m-ti-none-eabi/libclang_rt.builtins.a
       aeabi_uidivmod.S.obj           64     0         0      
       aeabi_memcpy.S.obj             8      0         0      
       aeabi_div0.c.obj               2      0         0      
    +--+------------------------------+------+---------+---------+
       Total:                         74     0         0      
                                                              
       Heap:                          0      0         512    
       Stack:                         0      0         512    
       Linker Generated:              0      48        0      
    +--+------------------------------+------+---------+---------+
       Grand Total:                   4098   1310      1600   


LINKER GENERATED COPY TABLES

__TI_cinit_table @ 00001518 records: 2, size/record: 8, table size: 16
	.data: load addr=000014f8, load size=0000000c bytes, run addr=20200420, run size=00000020 bytes, compression=lzss
	.bss: load addr=00001510, load size=00000008 bytes, run addr=20200000, run size=00000220 bytes, compression=zero_init


LINKER GENERATED HANDLER TABLE

__TI_handler_table @ 00001504 records: 3, size/record: 4, table size: 12
	index: 0, handler: __TI_decompress_lzss
	index: 1, handler: __TI_decompress_none
	index: 2, handler: __TI_zero_init


GLOBAL SYMBOLS: SORTED ALPHABETICALLY BY Name 

address   name                          
-------   ----                          
00000f85  ADC0_IRQHandler               
00000f85  ADC1_IRQHandler               
00000f85  AES_IRQHandler                
00000e21  ActivatePortA_B               
20200420  BusFreq                       
000010ba  C$$EXIT                       
00000f85  CANFD0_IRQHandler             
00001065  Clock_Delay                   
00001095  Clock_Freq                    
000003dd  Clock_Init80MHz               
00000f85  DAC0_IRQHandler               
00000f85  DMA_IRQHandler                
20200000  DataBuffer                    
202001e0  DebugCnt                      
00000b59  Debug_Dump                    
00001005  Debug_Init                    
00000f85  Default_Handler               
00001075  Delay                         
000014da  EID1                          
00000f85  GROUP0_IRQHandler             
00000f85  GROUP1_IRQHandler             
00000921  GetState                      
000010bb  HOSTexit                      
00000fa1  HardFault_Handler             
00000f85  I2C0_IRQHandler               
00000f85  I2C1_IRQHandler               
202001e4  LastIn                        
202001e8  LastOut                       
202001ec  LastState                     
000007ad  LaunchPad_Init                
000010a1  LaunchPad_LED1off             
202001f0  LookingFlag                   
202001f4  LookingFor                    
00000f85  NMI_Handler                   
202001f8  NeedState                     
00001085  OutCRLF                       
00001448  Patterns                      
00000f85  PendSV_Handler                
00000f85  RTC_IRQHandler                
00000829  ReadSensor                    
00000a49  ReadSouth                     
00000ec5  ReadWalk                      
00000ba9  ReadWest                      
000010bf  Reset_Handler                 
00001019  RxFifo_Init                   
00000bf5  RxFifo_Put                    
00000fbd  RxFifo_Size                   
202001fc  RxGetI                        
20200200  RxPutI                        
20200204  S                             
00000f85  SPI0_IRQHandler               
00000f85  SPI1_IRQHandler               
00000f85  SVC_Handler                   
00000f85  SysTick_Handler               
00000f65  SysTick_Init                  
00000e91  SysTick_Wait                  
00000eed  SysTick_Wait10ms              
00000f85  TIMA0_IRQHandler              
00000f85  TIMA1_IRQHandler              
00000f85  TIMG0_IRQHandler              
00000f85  TIMG12_IRQHandler             
00000f85  TIMG6_IRQHandler              
000000c1  TIMG7_IRQHandler              
00000f85  TIMG8_IRQHandler              
00001041  TI_memcpy_small               
20200438  Time                          
202000c8  TimeBuffer                    
000009e9  TimerG12_Init                 
00000985  Traffic_Init                  
00000d25  Traffic_Out                   
00000c41  TxFifo_Get                    
0000102d  TxFifo_Init                   
00000c8d  TxFifo_Put                    
00000fd5  TxFifo_Size                   
20200208  TxGetI                        
2020020c  TxPutI                        
00000aa5  UART0_IRQHandler              
00000f85  UART1_IRQHandler              
00000f85  UART2_IRQHandler              
00000f85  UART3_IRQHandler              
00000591  UART_Init                     
00000d65  UART_OutChar                  
00000f3d  UART_OutString                
00000e59  UART_OutUDec                  
20200210  WrongState                    
20208000  __STACK_END                   
00000200  __STACK_SIZE                  
00000200  __SYSMEM_SIZE                 
00000000  __TI_ATRegion0_region_sz      
00000000  __TI_ATRegion0_src_addr       
00000000  __TI_ATRegion0_trg_addr       
00000000  __TI_ATRegion1_region_sz      
00000000  __TI_ATRegion1_src_addr       
00000000  __TI_ATRegion1_trg_addr       
00000000  __TI_ATRegion2_region_sz      
00000000  __TI_ATRegion2_src_addr       
00000000  __TI_ATRegion2_trg_addr       
00001518  __TI_CINIT_Base               
00001528  __TI_CINIT_Limit              
00001528  __TI_CINIT_Warm               
00001504  __TI_Handler_Table_Base       
00001510  __TI_Handler_Table_Limit      
00000de5  __TI_auto_init_nobinit_nopinit
000008a5  __TI_decompress_lzss          
00001053  __TI_decompress_none          
ffffffff  __TI_pprof_out_hndl           
ffffffff  __TI_prof_data_size           
ffffffff  __TI_prof_data_start          
00000000  __TI_static_base__            
00000fed  __TI_zero_init_nomemset       
00000e8f  __aeabi_idiv0                 
000010ad  __aeabi_memcpy                
000010ad  __aeabi_memcpy4               
000010ad  __aeabi_memcpy8               
00000da5  __aeabi_uidiv                 
00000da5  __aeabi_uidivmod              
ffffffff  __binit__                     
UNDEFED   __mpu_init                    
20207e00  __stack                       
20200000  __start___llvm_prf_bits       
20200000  __start___llvm_prf_cnts       
20200000  __stop___llvm_prf_bits        
20200000  __stop___llvm_prf_cnts        
00000f15  _c_int00_noargs               
20200220  _sys_memory                   
UNDEFED   _system_post_cinit            
000010c3  _system_pre_init              
000010b5  abort                         
ffffffff  binit                         
000010c8  fsm                           
20200214  in                            
00000000  interruptVectors              
000006c1  main                          
20200218  out                           
00001338  pat                           
2020021c  state                         
0000142c  validPatterns                 


GLOBAL SYMBOLS: SORTED BY Symbol Address 

address   name                          
-------   ----                          
00000000  __TI_ATRegion0_region_sz      
00000000  __TI_ATRegion0_src_addr       
00000000  __TI_ATRegion0_trg_addr       
00000000  __TI_ATRegion1_region_sz      
00000000  __TI_ATRegion1_src_addr       
00000000  __TI_ATRegion1_trg_addr       
00000000  __TI_ATRegion2_region_sz      
00000000  __TI_ATRegion2_src_addr       
00000000  __TI_ATRegion2_trg_addr       
00000000  __TI_static_base__            
00000000  interruptVectors              
000000c1  TIMG7_IRQHandler              
00000200  __STACK_SIZE                  
00000200  __SYSMEM_SIZE                 
000003dd  Clock_Init80MHz               
00000591  UART_Init                     
000006c1  main                          
000007ad  LaunchPad_Init                
00000829  ReadSensor                    
000008a5  __TI_decompress_lzss          
00000921  GetState                      
00000985  Traffic_Init                  
000009e9  TimerG12_Init                 
00000a49  ReadSouth                     
00000aa5  UART0_IRQHandler              
00000b59  Debug_Dump                    
00000ba9  ReadWest                      
00000bf5  RxFifo_Put                    
00000c41  TxFifo_Get                    
00000c8d  TxFifo_Put                    
00000d25  Traffic_Out                   
00000d65  UART_OutChar                  
00000da5  __aeabi_uidiv                 
00000da5  __aeabi_uidivmod              
00000de5  __TI_auto_init_nobinit_nopinit
00000e21  ActivatePortA_B               
00000e59  UART_OutUDec                  
00000e8f  __aeabi_idiv0                 
00000e91  SysTick_Wait                  
00000ec5  ReadWalk                      
00000eed  SysTick_Wait10ms              
00000f15  _c_int00_noargs               
00000f3d  UART_OutString                
00000f65  SysTick_Init                  
00000f85  ADC0_IRQHandler               
00000f85  ADC1_IRQHandler               
00000f85  AES_IRQHandler                
00000f85  CANFD0_IRQHandler             
00000f85  DAC0_IRQHandler               
00000f85  DMA_IRQHandler                
00000f85  Default_Handler               
00000f85  GROUP0_IRQHandler             
00000f85  GROUP1_IRQHandler             
00000f85  I2C0_IRQHandler               
00000f85  I2C1_IRQHandler               
00000f85  NMI_Handler                   
00000f85  PendSV_Handler                
00000f85  RTC_IRQHandler                
00000f85  SPI0_IRQHandler               
00000f85  SPI1_IRQHandler               
00000f85  SVC_Handler                   
00000f85  SysTick_Handler               
00000f85  TIMA0_IRQHandler              
00000f85  TIMA1_IRQHandler              
00000f85  TIMG0_IRQHandler              
00000f85  TIMG12_IRQHandler             
00000f85  TIMG6_IRQHandler              
00000f85  TIMG8_IRQHandler              
00000f85  UART1_IRQHandler              
00000f85  UART2_IRQHandler              
00000f85  UART3_IRQHandler              
00000fa1  HardFault_Handler             
00000fbd  RxFifo_Size                   
00000fd5  TxFifo_Size                   
00000fed  __TI_zero_init_nomemset       
00001005  Debug_Init                    
00001019  RxFifo_Init                   
0000102d  TxFifo_Init                   
00001041  TI_memcpy_small               
00001053  __TI_decompress_none          
00001065  Clock_Delay                   
00001075  Delay                         
00001085  OutCRLF                       
00001095  Clock_Freq                    
000010a1  LaunchPad_LED1off             
000010ad  __aeabi_memcpy                
000010ad  __aeabi_memcpy4               
000010ad  __aeabi_memcpy8               
000010b5  abort                         
000010ba  C$$EXIT                       
000010bb  HOSTexit                      
000010bf  Reset_Handler                 
000010c3  _system_pre_init              
000010c8  fsm                           
00001338  pat                           
0000142c  validPatterns                 
00001448  Patterns                      
000014da  EID1                          
00001504  __TI_Handler_Table_Base       
00001510  __TI_Handler_Table_Limit      
00001518  __TI_CINIT_Base               
00001528  __TI_CINIT_Limit              
00001528  __TI_CINIT_Warm               
20200000  DataBuffer                    
20200000  __start___llvm_prf_bits       
20200000  __start___llvm_prf_cnts       
20200000  __stop___llvm_prf_bits        
20200000  __stop___llvm_prf_cnts        
202000c8  TimeBuffer                    
202001e0  DebugCnt                      
202001e4  LastIn                        
202001e8  LastOut                       
202001ec  LastState                     
202001f0  LookingFlag                   
202001f4  LookingFor                    
202001f8  NeedState                     
202001fc  RxGetI                        
20200200  RxPutI                        
20200204  S                             
20200208  TxGetI                        
2020020c  TxPutI                        
20200210  WrongState                    
20200214  in                            
20200218  out                           
2020021c  state                         
20200220  _sys_memory                   
20200420  BusFreq                       
20200438  Time                          
20207e00  __stack                       
20208000  __STACK_END                   
ffffffff  __TI_pprof_out_hndl           
ffffffff  __TI_prof_data_size           
ffffffff  __TI_prof_data_start          
ffffffff  __binit__                     
ffffffff  binit                         
UNDEFED   __mpu_init                    
UNDEFED   _system_post_cinit            

[137 symbols]
